Archive member included to satisfy reference by file (symbol)

c:/program files (x86)/atmel/studio/7.0/toolchain/avr8/avr8-gnu-toolchain/bin/../lib/gcc/avr/5.4.0/avrxmega3\libgcc.a(_exit.o)
                              C:/Program Files (x86)/Atmel/Studio/7.0/Packs/atmel/ATmega_DFP/1.2.209/gcc/dev/atmega3209/avrxmega3/crtatmega3209.o (exit)
c:/program files (x86)/atmel/studio/7.0/toolchain/avr8/avr8-gnu-toolchain/bin/../lib/gcc/avr/5.4.0/avrxmega3\libgcc.a(_clear_bss.o)
                              fsms.o (__do_clear_bss)

Allocating common symbols
Common symbol       size              file

pinF6               0x3               fsms.o
pinB5               0x3               fsms.o
pinC2               0x3               fsms.o
r1outPins           0x4               fsms.o
pinF3               0x3               fsms.o
pinE1               0x3               fsms.o
pinC5               0x3               fsms.o
i2cPins             0x2               fsms.o
pinD0               0x3               fsms.o
pinA2               0x3               fsms.o
pinE0               0x3               fsms.o
pinD6               0x3               fsms.o
r2outPins           0x4               fsms.o
numUnusedPins       0x1               fsms.o
pinE3               0x3               fsms.o
pinD5               0x3               fsms.o
pinC3               0x3               fsms.o
unusedPins          0x4               fsms.o
pinB0               0x3               fsms.o
numI2CPins          0x1               fsms.o
pinF4               0x3               fsms.o
pinE2               0x3               fsms.o
pinA1               0x3               fsms.o
pinB4               0x3               fsms.o
numUIswitches       0x1               fsms.o
numr2outPins        0x1               fsms.o
pinF5               0x3               fsms.o
pinB1               0x3               fsms.o
r1inPins            0x4               fsms.o
PINS                0x60              fsms.o
numUILEDs           0x1               fsms.o
pinD4               0x3               fsms.o
numr2inPins         0x1               fsms.o
pinC4               0x3               fsms.o
pinC1               0x3               fsms.o
pinA4               0x3               fsms.o
pinD1               0x3               fsms.o
pinD7               0x3               fsms.o
UIswitches          0x4               fsms.o
numr1outPins        0x1               fsms.o
pinF2               0x3               fsms.o
pinF0               0x3               fsms.o
numr1inPins         0x1               fsms.o
pinA5               0x3               fsms.o
UILEDs              0x6               fsms.o
pinB3               0x3               fsms.o
pinC7               0x3               fsms.o
pinC0               0x3               fsms.o
pinF1               0x3               fsms.o
r2inPins            0x4               fsms.o
routingPins         0x8               fsms.o
pinA7               0x3               fsms.o
numRoutingPins      0x1               fsms.o
pinA0               0x3               fsms.o
pinA6               0x3               fsms.o
pinC6               0x3               fsms.o
pinD2               0x3               fsms.o
pinB2               0x3               fsms.o
pinD3               0x3               fsms.o
pinA3               0x3               fsms.o

Discarded input sections

 .data          0x00000000        0x0 C:/Program Files (x86)/Atmel/Studio/7.0/Packs/atmel/ATmega_DFP/1.2.209/gcc/dev/atmega3209/avrxmega3/crtatmega3209.o
 .bss           0x00000000        0x0 C:/Program Files (x86)/Atmel/Studio/7.0/Packs/atmel/ATmega_DFP/1.2.209/gcc/dev/atmega3209/avrxmega3/crtatmega3209.o
 .text          0x00000000        0x0 fsms.o
 .data          0x00000000        0x0 fsms.o
 .bss           0x00000000        0x0 fsms.o
 .text.initDebounce
                0x00000000       0x6c fsms.o
 .text.updateDebounce
                0x00000000       0xfc fsms.o
 .text.setUIFSMOutputs
                0x00000000       0x76 fsms.o
 .text.initUI   0x00000000       0x8e fsms.o
 .text.updateUIFSM
                0x00000000       0xc0 fsms.o
 .text.initReceiver
                0x00000000       0xde fsms.o
 .text.setReceiverOutputs
                0x00000000       0x46 fsms.o
 .text.updateReceiver
                0x00000000       0xd8 fsms.o
 .text          0x00000000        0x0 initialize.o
 .data          0x00000000        0x0 initialize.o
 .bss           0x00000000        0x0 initialize.o
 .text.setPinInitializationRegisters
                0x00000000       0xec initialize.o
 .text.initializePins
                0x00000000       0x64 initialize.o
 .text.setupMillis
                0x00000000       0x1c initialize.o
 .debug_info    0x00000000     0x1312 initialize.o
 .debug_abbrev  0x00000000      0x1ed initialize.o
 .debug_loc     0x00000000      0x15c initialize.o
 .debug_aranges
                0x00000000       0x30 initialize.o
 .debug_ranges  0x00000000       0x20 initialize.o
 .debug_line    0x00000000      0x1be initialize.o
 .debug_str     0x00000000      0x8c7 initialize.o
 .comment       0x00000000       0x31 initialize.o
 .debug_frame   0x00000000       0x64 initialize.o
 .text          0x00000000        0x0 main.o
 .data          0x00000000        0x0 main.o
 .bss           0x00000000        0x0 main.o
 .text.runModuleControl
                0x00000000       0xc2 main.o
 .text.testReceiverVCC
                0x00000000       0x1c main.o
 .text.testReceiverRelays
                0x00000000       0x18 main.o
 .text.testRoutingRelays
                0x00000000       0xc4 main.o
 .text          0x00000000        0x0 utilities.o
 .data          0x00000000        0x0 utilities.o
 .bss           0x00000000        0x0 utilities.o
 .text.__vectorCMP0
                0x00000000       0x60 utilities.o
 .text.millis   0x00000000       0x16 utilities.o
 .text.readVccSwitch
                0x00000000       0x9c utilities.o
 .text.setVcc   0x00000000      0x106 utilities.o
 .text.activateRelay
                0x00000000      0x106 utilities.o
 .text.setRelay
                0x00000000       0x8c utilities.o
 .text.readPlateDetect
                0x00000000       0xa2 utilities.o
 .text.readUISW
                0x00000000       0x78 utilities.o
 .text.setLED   0x00000000       0x62 utilities.o
 .bss.timer_millis
                0x00000000        0x4 utilities.o
 .debug_info    0x00000000     0x1495 utilities.o
 .debug_abbrev  0x00000000      0x2b3 utilities.o
 .debug_loc     0x00000000      0x5cb utilities.o
 .debug_aranges
                0x00000000       0x60 utilities.o
 .debug_ranges  0x00000000       0x50 utilities.o
 .debug_line    0x00000000      0x3e2 utilities.o
 .debug_str     0x00000000      0x988 utilities.o
 .comment       0x00000000       0x31 utilities.o
 .debug_frame   0x00000000      0x114 utilities.o
 .text          0x00000000        0x0 c:/program files (x86)/atmel/studio/7.0/toolchain/avr8/avr8-gnu-toolchain/bin/../lib/gcc/avr/5.4.0/avrxmega3\libgcc.a(_exit.o)
 .data          0x00000000        0x0 c:/program files (x86)/atmel/studio/7.0/toolchain/avr8/avr8-gnu-toolchain/bin/../lib/gcc/avr/5.4.0/avrxmega3\libgcc.a(_exit.o)
 .bss           0x00000000        0x0 c:/program files (x86)/atmel/studio/7.0/toolchain/avr8/avr8-gnu-toolchain/bin/../lib/gcc/avr/5.4.0/avrxmega3\libgcc.a(_exit.o)
 .text.libgcc.mul
                0x00000000        0x0 c:/program files (x86)/atmel/studio/7.0/toolchain/avr8/avr8-gnu-toolchain/bin/../lib/gcc/avr/5.4.0/avrxmega3\libgcc.a(_exit.o)
 .text.libgcc.div
                0x00000000        0x0 c:/program files (x86)/atmel/studio/7.0/toolchain/avr8/avr8-gnu-toolchain/bin/../lib/gcc/avr/5.4.0/avrxmega3\libgcc.a(_exit.o)
 .text.libgcc   0x00000000        0x0 c:/program files (x86)/atmel/studio/7.0/toolchain/avr8/avr8-gnu-toolchain/bin/../lib/gcc/avr/5.4.0/avrxmega3\libgcc.a(_exit.o)
 .text.libgcc.prologue
                0x00000000        0x0 c:/program files (x86)/atmel/studio/7.0/toolchain/avr8/avr8-gnu-toolchain/bin/../lib/gcc/avr/5.4.0/avrxmega3\libgcc.a(_exit.o)
 .text.libgcc.builtins
                0x00000000        0x0 c:/program files (x86)/atmel/studio/7.0/toolchain/avr8/avr8-gnu-toolchain/bin/../lib/gcc/avr/5.4.0/avrxmega3\libgcc.a(_exit.o)
 .text.libgcc.fmul
                0x00000000        0x0 c:/program files (x86)/atmel/studio/7.0/toolchain/avr8/avr8-gnu-toolchain/bin/../lib/gcc/avr/5.4.0/avrxmega3\libgcc.a(_exit.o)
 .text.libgcc.fixed
                0x00000000        0x0 c:/program files (x86)/atmel/studio/7.0/toolchain/avr8/avr8-gnu-toolchain/bin/../lib/gcc/avr/5.4.0/avrxmega3\libgcc.a(_exit.o)
 .text          0x00000000        0x0 c:/program files (x86)/atmel/studio/7.0/toolchain/avr8/avr8-gnu-toolchain/bin/../lib/gcc/avr/5.4.0/avrxmega3\libgcc.a(_clear_bss.o)
 .data          0x00000000        0x0 c:/program files (x86)/atmel/studio/7.0/toolchain/avr8/avr8-gnu-toolchain/bin/../lib/gcc/avr/5.4.0/avrxmega3\libgcc.a(_clear_bss.o)
 .bss           0x00000000        0x0 c:/program files (x86)/atmel/studio/7.0/toolchain/avr8/avr8-gnu-toolchain/bin/../lib/gcc/avr/5.4.0/avrxmega3\libgcc.a(_clear_bss.o)
 .text.libgcc.mul
                0x00000000        0x0 c:/program files (x86)/atmel/studio/7.0/toolchain/avr8/avr8-gnu-toolchain/bin/../lib/gcc/avr/5.4.0/avrxmega3\libgcc.a(_clear_bss.o)
 .text.libgcc.div
                0x00000000        0x0 c:/program files (x86)/atmel/studio/7.0/toolchain/avr8/avr8-gnu-toolchain/bin/../lib/gcc/avr/5.4.0/avrxmega3\libgcc.a(_clear_bss.o)
 .text.libgcc   0x00000000        0x0 c:/program files (x86)/atmel/studio/7.0/toolchain/avr8/avr8-gnu-toolchain/bin/../lib/gcc/avr/5.4.0/avrxmega3\libgcc.a(_clear_bss.o)
 .text.libgcc.prologue
                0x00000000        0x0 c:/program files (x86)/atmel/studio/7.0/toolchain/avr8/avr8-gnu-toolchain/bin/../lib/gcc/avr/5.4.0/avrxmega3\libgcc.a(_clear_bss.o)
 .text.libgcc.builtins
                0x00000000        0x0 c:/program files (x86)/atmel/studio/7.0/toolchain/avr8/avr8-gnu-toolchain/bin/../lib/gcc/avr/5.4.0/avrxmega3\libgcc.a(_clear_bss.o)
 .text.libgcc.fmul
                0x00000000        0x0 c:/program files (x86)/atmel/studio/7.0/toolchain/avr8/avr8-gnu-toolchain/bin/../lib/gcc/avr/5.4.0/avrxmega3\libgcc.a(_clear_bss.o)
 .text.libgcc.fixed
                0x00000000        0x0 c:/program files (x86)/atmel/studio/7.0/toolchain/avr8/avr8-gnu-toolchain/bin/../lib/gcc/avr/5.4.0/avrxmega3\libgcc.a(_clear_bss.o)

Memory Configuration

Name             Origin             Length             Attributes
text             0x00000000         0x00100000         xr
data             0x00802000         0x0000ffa0         rw !x
eeprom           0x00810000         0x00010000         rw !x
fuse             0x00820000         0x00000009         rw !x
lock             0x00830000         0x00000400         rw !x
signature        0x00840000         0x00000400         rw !x
user_signatures  0x00850000         0x00000400         rw !x
*default*        0x00000000         0xffffffff

Linker script and memory map

Address of section .data set to 0x803000
                0x00004000                __RODATA_PM_OFFSET__ = 0x4000
LOAD C:/Program Files (x86)/Atmel/Studio/7.0/Packs/atmel/ATmega_DFP/1.2.209/gcc/dev/atmega3209/avrxmega3/crtatmega3209.o
LOAD fsms.o
LOAD initialize.o
LOAD main.o
LOAD utilities.o
START GROUP
LOAD c:/program files (x86)/atmel/studio/7.0/toolchain/avr8/avr8-gnu-toolchain/bin/../lib/gcc/avr/5.4.0/../../../../avr/lib/avrxmega3\libm.a
END GROUP
START GROUP
LOAD c:/program files (x86)/atmel/studio/7.0/toolchain/avr8/avr8-gnu-toolchain/bin/../lib/gcc/avr/5.4.0/avrxmega3\libgcc.a
LOAD c:/program files (x86)/atmel/studio/7.0/toolchain/avr8/avr8-gnu-toolchain/bin/../lib/gcc/avr/5.4.0/../../../../avr/lib/avrxmega3\libm.a
LOAD c:/program files (x86)/atmel/studio/7.0/toolchain/avr8/avr8-gnu-toolchain/bin/../lib/gcc/avr/5.4.0/../../../../avr/lib/avrxmega3\libc.a
LOAD C:/Program Files (x86)/Atmel/Studio/7.0/Packs/atmel/ATmega_DFP/1.2.209/gcc/dev/atmega3209/avrxmega3\libatmega3209.a
END GROUP
                0x00100000                __TEXT_REGION_LENGTH__ = DEFINED (__TEXT_REGION_LENGTH__)?__TEXT_REGION_LENGTH__:0x100000
                0x0000ffa0                __DATA_REGION_LENGTH__ = DEFINED (__DATA_REGION_LENGTH__)?__DATA_REGION_LENGTH__:0xffa0
                0x00010000                __EEPROM_REGION_LENGTH__ = DEFINED (__EEPROM_REGION_LENGTH__)?__EEPROM_REGION_LENGTH__:0x10000
                [0x00000009]                __FUSE_REGION_LENGTH__ = DEFINED (__FUSE_REGION_LENGTH__)?__FUSE_REGION_LENGTH__:0x400
                0x00000400                __LOCK_REGION_LENGTH__ = DEFINED (__LOCK_REGION_LENGTH__)?__LOCK_REGION_LENGTH__:0x400
                0x00000400                __SIGNATURE_REGION_LENGTH__ = DEFINED (__SIGNATURE_REGION_LENGTH__)?__SIGNATURE_REGION_LENGTH__:0x400
                0x00000400                __USER_SIGNATURE_REGION_LENGTH__ = DEFINED (__USER_SIGNATURE_REGION_LENGTH__)?__USER_SIGNATURE_REGION_LENGTH__:0x400
                0x00008000                __RODATA_PM_OFFSET__ = DEFINED (__RODATA_PM_OFFSET__)?__RODATA_PM_OFFSET__:0x8000

.hash
 *(.hash)

.dynsym
 *(.dynsym)

.dynstr
 *(.dynstr)

.gnu.version
 *(.gnu.version)

.gnu.version_d
 *(.gnu.version_d)

.gnu.version_r
 *(.gnu.version_r)

.rel.init
 *(.rel.init)

.rela.init
 *(.rela.init)

.rel.text
 *(.rel.text)
 *(.rel.text.*)
 *(.rel.gnu.linkonce.t*)

.rela.text
 *(.rela.text)
 *(.rela.text.*)
 *(.rela.gnu.linkonce.t*)

.rel.fini
 *(.rel.fini)

.rela.fini
 *(.rela.fini)

.rel.rodata
 *(.rel.rodata)
 *(.rel.rodata.*)
 *(.rel.gnu.linkonce.r*)

.rela.rodata
 *(.rela.rodata)
 *(.rela.rodata.*)
 *(.rela.gnu.linkonce.r*)

.rel.data
 *(.rel.data)
 *(.rel.data.*)
 *(.rel.gnu.linkonce.d*)

.rela.data
 *(.rela.data)
 *(.rela.data.*)
 *(.rela.gnu.linkonce.d*)

.rel.ctors
 *(.rel.ctors)

.rela.ctors
 *(.rela.ctors)

.rel.dtors
 *(.rel.dtors)

.rela.dtors
 *(.rela.dtors)

.rel.got
 *(.rel.got)

.rela.got
 *(.rela.got)

.rel.bss
 *(.rel.bss)

.rela.bss
 *(.rela.bss)

.rel.plt
 *(.rel.plt)

.rela.plt
 *(.rela.plt)

.text           0x00000000      0x168
 *(.vectors)
 .vectors       0x00000000       0x90 C:/Program Files (x86)/Atmel/Studio/7.0/Packs/atmel/ATmega_DFP/1.2.209/gcc/dev/atmega3209/avrxmega3/crtatmega3209.o
                0x00000000                __vector_default
                0x00000000                __vectors
 *(.vectors)
 *(.progmem.gcc*)
                0x00000090                . = ALIGN (0x2)
                0x00000090                __trampolines_start = .
 *(.trampolines)
 .trampolines   0x00000090        0x0 linker stubs
 *(.trampolines*)
                0x00000090                __trampolines_end = .
 *libprintf_flt.a:*(.progmem.data)
 *libc.a:*(.progmem.data)
 *(.progmem*)
                0x00000090                . = ALIGN (0x2)
 *(.jumptables)
 *(.jumptables*)
 *(.lowtext)
 *(.lowtext*)
                0x00000090                __ctors_start = .
 *(.ctors)
                0x00000090                __ctors_end = .
                0x00000090                __dtors_start = .
 *(.dtors)
                0x00000090                __dtors_end = .
 SORT(*)(.ctors)
 SORT(*)(.dtors)
 *(.init0)
 .init0         0x00000090        0x0 C:/Program Files (x86)/Atmel/Studio/7.0/Packs/atmel/ATmega_DFP/1.2.209/gcc/dev/atmega3209/avrxmega3/crtatmega3209.o
                0x00000090                __init
 *(.init0)
 *(.init1)
 *(.init1)
 *(.init2)
 .init2         0x00000090        0xc C:/Program Files (x86)/Atmel/Studio/7.0/Packs/atmel/ATmega_DFP/1.2.209/gcc/dev/atmega3209/avrxmega3/crtatmega3209.o
 *(.init2)
 *(.init3)
 *(.init3)
 *(.init4)
 .init4         0x0000009c       0x10 c:/program files (x86)/atmel/studio/7.0/toolchain/avr8/avr8-gnu-toolchain/bin/../lib/gcc/avr/5.4.0/avrxmega3\libgcc.a(_clear_bss.o)
                0x0000009c                __do_clear_bss
 *(.init4)
 *(.init5)
 *(.init5)
 *(.init6)
 *(.init6)
 *(.init7)
 *(.init7)
 *(.init8)
 *(.init8)
 *(.init9)
 .init9         0x000000ac        0x8 C:/Program Files (x86)/Atmel/Studio/7.0/Packs/atmel/ATmega_DFP/1.2.209/gcc/dev/atmega3209/avrxmega3/crtatmega3209.o
 *(.init9)
 *(.text)
 .text          0x000000b4        0x4 C:/Program Files (x86)/Atmel/Studio/7.0/Packs/atmel/ATmega_DFP/1.2.209/gcc/dev/atmega3209/avrxmega3/crtatmega3209.o
                0x000000b4                __vector_22
                0x000000b4                __vector_28
                0x000000b4                __vector_1
                0x000000b4                __vector_32
                0x000000b4                __vector_34
                0x000000b4                __vector_24
                0x000000b4                __vector_12
                0x000000b4                __bad_interrupt
                0x000000b4                __vector_6
                0x000000b4                __vector_31
                0x000000b4                __vector_35
                0x000000b4                __vector_3
                0x000000b4                __vector_23
                0x000000b4                __vector_30
                0x000000b4                __vector_25
                0x000000b4                __vector_11
                0x000000b4                __vector_13
                0x000000b4                __vector_17
                0x000000b4                __vector_19
                0x000000b4                __vector_7
                0x000000b4                __vector_27
                0x000000b4                __vector_5
                0x000000b4                __vector_33
                0x000000b4                __vector_4
                0x000000b4                __vector_9
                0x000000b4                __vector_2
                0x000000b4                __vector_21
                0x000000b4                __vector_15
                0x000000b4                __vector_29
                0x000000b4                __vector_8
                0x000000b4                __vector_26
                0x000000b4                __vector_14
                0x000000b4                __vector_10
                0x000000b4                __vector_16
                0x000000b4                __vector_18
                0x000000b4                __vector_20
                0x000000b8                . = ALIGN (0x2)
 *(.text.*)
 .text.main     0x000000b8       0xac main.o
                0x000000b8                main
                0x00000164                . = ALIGN (0x2)
 *(.fini9)
 .fini9         0x00000164        0x0 c:/program files (x86)/atmel/studio/7.0/toolchain/avr8/avr8-gnu-toolchain/bin/../lib/gcc/avr/5.4.0/avrxmega3\libgcc.a(_exit.o)
                0x00000164                _exit
                0x00000164                exit
 *(.fini9)
 *(.fini8)
 *(.fini8)
 *(.fini7)
 *(.fini7)
 *(.fini6)
 *(.fini6)
 *(.fini5)
 *(.fini5)
 *(.fini4)
 *(.fini4)
 *(.fini3)
 *(.fini3)
 *(.fini2)
 *(.fini2)
 *(.fini1)
 *(.fini1)
 *(.fini0)
 .fini0         0x00000164        0x4 c:/program files (x86)/atmel/studio/7.0/toolchain/avr8/avr8-gnu-toolchain/bin/../lib/gcc/avr/5.4.0/avrxmega3\libgcc.a(_exit.o)
 *(.fini0)
                0x00000168                _etext = .

.rodata
 *(.rodata)
 *(.rodata*)
 *(.gnu.linkonce.r*)

.data           0x00803000        0x0 load address 0x00000168
                [!provide]                PROVIDE (__data_start, .)
 *(.data)
 *(.data*)
 *(.gnu.linkonce.d*)
                0x00803000                . = ALIGN (0x2)
                0x00803000                _edata = .
                [!provide]                PROVIDE (__data_end, .)

.bss            0x00803000      0x10c
                0x00803000                PROVIDE (__bss_start, .)
 *(.bss)
 *(.bss*)
 *(COMMON)
 COMMON         0x00803000      0x10c fsms.o
                0x00803000                pinF6
                0x00803003                pinB5
                0x00803006                pinC2
                0x00803009                r1outPins
                0x0080300d                pinF3
                0x00803010                pinE1
                0x00803013                pinC5
                0x00803016                i2cPins
                0x00803018                pinD0
                0x0080301b                pinA2
                0x0080301e                pinE0
                0x00803021                pinD6
                0x00803024                r2outPins
                0x00803028                numUnusedPins
                0x00803029                pinE3
                0x0080302c                pinD5
                0x0080302f                pinC3
                0x00803032                unusedPins
                0x00803036                pinB0
                0x00803039                numI2CPins
                0x0080303a                pinF4
                0x0080303d                pinE2
                0x00803040                pinA1
                0x00803043                pinB4
                0x00803046                numUIswitches
                0x00803047                numr2outPins
                0x00803048                pinF5
                0x0080304b                pinB1
                0x0080304e                r1inPins
                0x00803052                PINS
                0x008030b2                numUILEDs
                0x008030b3                pinD4
                0x008030b6                numr2inPins
                0x008030b7                pinC4
                0x008030ba                pinC1
                0x008030bd                pinA4
                0x008030c0                pinD1
                0x008030c3                pinD7
                0x008030c6                UIswitches
                0x008030ca                numr1outPins
                0x008030cb                pinF2
                0x008030ce                pinF0
                0x008030d1                numr1inPins
                0x008030d2                pinA5
                0x008030d5                UILEDs
                0x008030db                pinB3
                0x008030de                pinC7
                0x008030e1                pinC0
                0x008030e4                pinF1
                0x008030e7                r2inPins
                0x008030eb                routingPins
                0x008030f3                pinA7
                0x008030f6                numRoutingPins
                0x008030f7                pinA0
                0x008030fa                pinA6
                0x008030fd                pinC6
                0x00803100                pinD2
                0x00803103                pinB2
                0x00803106                pinD3
                0x00803109                pinA3
                0x0080310c                PROVIDE (__bss_end, .)
                0x00000168                __data_load_start = LOADADDR (.data)
                0x00000168                __data_load_end = (__data_load_start + SIZEOF (.data))

.noinit         0x0080310c        0x0
                [!provide]                PROVIDE (__noinit_start, .)
 *(.noinit*)
                [!provide]                PROVIDE (__noinit_end, .)
                0x0080310c                _end = .
                [!provide]                PROVIDE (__heap_start, .)

.eeprom         0x00810000        0x0
 *(.eeprom*)
                0x00810000                __eeprom_end = .

.fuse
 *(.fuse)
 *(.lfuse)
 *(.hfuse)
 *(.efuse)

.lock
 *(.lock*)

.signature
 *(.signature*)

.user_signatures
 *(.user_signatures*)

.stab
 *(.stab)

.stabstr
 *(.stabstr)

.stab.excl
 *(.stab.excl)

.stab.exclstr
 *(.stab.exclstr)

.stab.index
 *(.stab.index)

.stab.indexstr
 *(.stab.indexstr)

.comment        0x00000000       0x30
 *(.comment)
 .comment       0x00000000       0x30 fsms.o
                                 0x31 (size before relaxing)
 .comment       0x00000030       0x31 main.o

.note.gnu.avr.deviceinfo
                0x00000000       0x40
 .note.gnu.avr.deviceinfo
                0x00000000       0x40 C:/Program Files (x86)/Atmel/Studio/7.0/Packs/atmel/ATmega_DFP/1.2.209/gcc/dev/atmega3209/avrxmega3/crtatmega3209.o

.note.gnu.build-id
 *(.note.gnu.build-id)

.debug
 *(.debug)

.line
 *(.line)

.debug_srcinfo
 *(.debug_srcinfo)

.debug_sfnames
 *(.debug_sfnames)

.debug_aranges  0x00000000       0x98
 *(.debug_aranges)
 .debug_aranges
                0x00000000       0x58 fsms.o
 .debug_aranges
                0x00000058       0x40 main.o

.debug_pubnames
 *(.debug_pubnames)

.debug_info     0x00000000     0x422b
 *(.debug_info .gnu.linkonce.wi.*)
 .debug_info    0x00000000     0x2245 C:/Program Files (x86)/Atmel/Studio/7.0/Packs/atmel/ATmega_DFP/1.2.209/gcc/dev/atmega3209/avrxmega3/crtatmega3209.o
 .debug_info    0x00002245      0xfe5 fsms.o
 .debug_info    0x0000322a     0x1001 main.o

.debug_abbrev   0x00000000     0x24f5
 *(.debug_abbrev)
 .debug_abbrev  0x00000000     0x2074 C:/Program Files (x86)/Atmel/Studio/7.0/Packs/atmel/ATmega_DFP/1.2.209/gcc/dev/atmega3209/avrxmega3/crtatmega3209.o
 .debug_abbrev  0x00002074      0x231 fsms.o
 .debug_abbrev  0x000022a5      0x250 main.o

.debug_line     0x00000000      0x91e
 *(.debug_line .debug_line.* .debug_line_end)
 .debug_line    0x00000000      0x16f C:/Program Files (x86)/Atmel/Studio/7.0/Packs/atmel/ATmega_DFP/1.2.209/gcc/dev/atmega3209/avrxmega3/crtatmega3209.o
 .debug_line    0x0000016f      0x480 fsms.o
 .debug_line    0x000005ef      0x32f main.o

.debug_frame    0x00000000      0x214
 *(.debug_frame)
 .debug_frame   0x00000000      0x18c fsms.o
 .debug_frame   0x0000018c       0x88 main.o

.debug_str      0x00000000     0x17b8
 *(.debug_str)
 .debug_str     0x00000000      0xeb5 C:/Program Files (x86)/Atmel/Studio/7.0/Packs/atmel/ATmega_DFP/1.2.209/gcc/dev/atmega3209/avrxmega3/crtatmega3209.o
 .debug_str     0x00000eb5      0x819 fsms.o
                                0x88b (size before relaxing)
 .debug_str     0x000016ce       0xea main.o
                                0x7c7 (size before relaxing)

.debug_loc      0x00000000      0xa9d
 *(.debug_loc)
 .debug_loc     0x00000000      0x824 fsms.o
 .debug_loc     0x00000824      0x279 main.o

.debug_macinfo
 *(.debug_macinfo)

.debug_weaknames
 *(.debug_weaknames)

.debug_funcnames
 *(.debug_funcnames)

.debug_typenames
 *(.debug_typenames)

.debug_varnames
 *(.debug_varnames)

.debug_pubtypes
 *(.debug_pubtypes)

.debug_ranges   0x00000000       0x90
 *(.debug_ranges)
 .debug_ranges  0x00000000       0x48 fsms.o
 .debug_ranges  0x00000048       0x48 main.o

.debug_macro
 *(.debug_macro)
OUTPUT(ModuleControl.elf elf32-avr)
LOAD linker stubs
